2026-09-18 15:42:52,015-INFO-connecting to mysql server...
2026-09-18 15:42:52,181-INFO-mysql server connected.
2026-09-18 15:42:52,181-INFO-connecting to oracle server...
2026-09-18 15:42:52,522-INFO-oracle server connected.
2026-09-18 15:42:52,523-INFO-selected  FILE_TO_DB validation type.
2026-09-18 15:42:52,523-INFO-test_extract_data_for_sales_file_to_stage: Validation started...
2026-09-18 15:42:52,523-INFO-started reading file testData/sales_data_s3.csv filetypecsv
2026-09-18 15:42:52,543-INFO-completed reading file testData/sales_data_s3.csv filetypecsv
2026-09-18 15:42:52,655-INFO-test_extract_data_for_sales_file_to_stage: Validation completed successfully!
2026-09-18 15:42:52,774-INFO-selected  DB_TO_DB validation type.
2026-09-18 15:42:52,774-INFO-test_extract_stores_data_from_oracle_to_stag: Validation started...
2026-09-18 15:42:52,801-INFO-test_extract_stores_data_from_oracle_to_stag: Validation completed successfully!
2026-09-18 15:42:52,868-INFO-selected  FILE_TO_DB validation type.
2026-09-18 15:42:52,869-INFO-test_extract_product_data_from_file_to_stag: Validation started...
2026-09-18 15:42:52,869-INFO-started reading file testData/product_data_from_linux.csv filetypecsv
2026-09-18 15:42:52,871-INFO-completed reading file testData/product_data_from_linux.csv filetypecsv
2026-09-18 15:42:52,885-INFO-test_extract_product_data_from_file_to_stag: Validation completed successfully!
2026-09-18 15:42:52,966-INFO-selected  FILE_TO_DB validation type.
2026-09-18 15:42:52,966-INFO-test_extract_inventory_data_from_file_to_stag: Validation started...
2026-09-18 15:42:52,966-INFO-started reading file testData/inventory_data.xml filetypexml
2026-09-18 15:42:52,972-INFO-completed reading file testData/inventory_data.xml filetypexml
2026-09-18 15:42:52,984-INFO-test_extract_inventory_data_from_file_to_stag: Validation completed successfully!
2026-09-18 15:42:53,052-INFO-selected  FILE_TO_DB validation type.
2026-09-18 15:42:53,052-INFO-test_extract_supplier_data_from_file_to_stag: Validation started...
2026-09-18 15:42:53,052-INFO-started reading file testData/supplier_data.json filetypejson
2026-09-18 15:42:53,070-INFO-completed reading file testData/supplier_data.json filetypejson
2026-09-18 15:42:53,090-INFO-test_extract_supplier_data_from_file_to_stag: Validation completed successfully!
2026-09-18 15:42:53,191-INFO-connecting to mysql server...
2026-09-18 15:42:53,226-INFO-mysql server connected.
2026-09-18 15:42:53,227-INFO-selected  DB_TO_DB validation type.
2026-09-18 15:42:53,227-INFO-test_data_loading_for_monthly_sales_summary: Validation started...
2026-09-18 15:42:53,249-INFO-test_data_loading_for_monthly_sales_summary: Validation completed successfully!
2026-09-18 15:42:53,333-INFO-selected  DB_TO_DB validation type.
2026-09-18 15:42:53,333-INFO-test_data_loadin_for_fact_sales: Validation started...
2026-09-18 15:42:53,357-INFO-test_data_loadin_for_fact_sales: Validation completed successfully!
2026-09-18 15:42:53,430-INFO-selected  DB_TO_DB validation type.
2026-09-18 15:42:53,430-INFO-test_data_loading_for_fact_inventory: Validation started...
2026-09-18 15:42:53,442-INFO-test_data_loading_for_fact_inventory: Validation completed successfully!
2026-09-18 15:42:53,504-INFO-selected  DB_TO_DB validation type.
2026-09-18 15:42:53,504-INFO-test_data_loading_for_inventory_levl_by_stores: Validation started...
2026-09-18 15:42:53,531-INFO-test_data_loading_for_inventory_levl_by_stores: Validation completed successfully!
2026-09-18 15:42:53,636-INFO-connecting to mysql server...
2026-09-18 15:42:53,678-INFO-mysql server connected.
2026-09-18 15:42:53,678-INFO-test_duplicates_for_sales_file: duplicate  validation started for file testData/sales_data_s3.csv
2026-09-18 15:42:53,678-INFO-started reading file testData/sales_data_s3.csv filetypecsv
2026-09-18 15:42:53,679-INFO-completed reading file testData/sales_data_s3.csv filetypecsv
2026-09-18 15:42:53,682-INFO-test_duplicates_for_sales_file: duplicate validation for file testData/sales_data_s3.csv completed successfully!
2026-09-18 15:42:53,748-INFO-test_duplicates_for_product_file: duplicate  validation started for file testData/product_data_from_linux.csv
2026-09-18 15:42:53,748-INFO-started reading file testData/product_data_from_linux.csv filetypecsv
2026-09-18 15:42:53,750-INFO-completed reading file testData/product_data_from_linux.csv filetypecsv
2026-09-18 15:42:53,750-INFO-test_duplicates_for_product_file: duplicate validation for file testData/product_data_from_linux.csv completed successfully!
2026-09-18 15:42:53,815-INFO-test_duplicates_for_inventory_file: duplicate  validation started for file testData/inventory_data.xml
2026-09-18 15:42:53,815-INFO-started reading file testData/inventory_data.xml filetypexml
2026-09-18 15:42:53,818-INFO-completed reading file testData/inventory_data.xml filetypexml
2026-09-18 15:42:53,819-INFO-test_duplicates_for_inventory_file: duplicate validation for file testData/inventory_data.xml completed successfully!
2026-09-18 15:42:53,924-INFO-test_duplicates_for_supplier_file: duplicate  validation started for file testData/supplier_data.json
2026-09-18 15:42:53,924-INFO-started reading file testData/supplier_data.json filetypejson
2026-09-18 15:42:53,929-INFO-completed reading file testData/supplier_data.json filetypejson
2026-09-18 15:42:53,930-INFO-test_duplicates_for_supplier_file: duplicate validation for file testData/supplier_data.json completed successfully!
2026-09-18 15:42:54,024-INFO-test_null_for_sales_file: null  validation started for testData/sales_data_s3.csv
2026-09-18 15:42:54,024-INFO-started reading file testData/sales_data_s3.csv filetypecsv
2026-09-18 15:42:54,026-INFO-completed reading file testData/sales_data_s3.csv filetypecsv
2026-09-18 15:42:54,027-INFO-test_null_for_sales_file: null  validation for file testData/sales_data_s3.csv completed successfully!
2026-09-18 15:42:54,165-INFO-test_null_for_product_file: null  validation started for testData/product_data_from_linux.csv
2026-09-18 15:42:54,165-INFO-started reading file testData/product_data_from_linux.csv filetypecsv
2026-09-18 15:42:54,167-INFO-completed reading file testData/product_data_from_linux.csv filetypecsv
2026-09-18 15:42:54,167-INFO-test_null_for_product_file: null  validation for file testData/product_data_from_linux.csv completed successfully!
2026-09-18 15:42:54,259-INFO-test_null_for_inventory_file: null  validation started for testData/inventory_data.xml
2026-09-18 15:42:54,259-INFO-started reading file testData/inventory_data.xml filetypexml
2026-09-18 15:42:54,261-INFO-completed reading file testData/inventory_data.xml filetypexml
2026-09-18 15:42:54,262-INFO-test_null_for_inventory_file: null  validation for file testData/inventory_data.xml completed successfully!
2026-09-18 15:42:54,355-INFO-test_null_for_supplier_file: null  validation started for testData/supplier_data.json
2026-09-18 15:42:54,355-INFO-started reading file testData/supplier_data.json filetypejson
2026-09-18 15:42:54,359-INFO-completed reading file testData/supplier_data.json filetypejson
2026-09-18 15:42:54,360-INFO-test_null_for_supplier_file: null  validation for file testData/supplier_data.json completed successfully!
2026-09-18 15:42:54,443-INFO-connecting to mysql server...
2026-09-18 15:42:54,478-INFO-mysql server connected.
2026-09-18 15:42:54,478-INFO-selected  DB_TO_DB validation type.
2026-09-18 15:42:54,478-INFO-test_transform_Filter_Sales: Validation started...
2026-09-18 15:42:54,526-INFO-test_transform_Filter_Sales: Validation completed successfully!
2026-09-18 15:42:54,660-INFO-selected  DB_TO_DB validation type.
2026-09-18 15:42:54,660-INFO-test_transform_Router_High_Sales: Validation started...
2026-09-18 15:42:54,675-INFO-test_transform_Router_High_Sales: Validation completed successfully!
2026-09-18 15:42:54,755-INFO-selected  DB_TO_DB validation type.
2026-09-18 15:42:54,755-INFO-test_transform_Router_Low_Sales: Validation started...
2026-09-18 15:42:54,770-INFO-test_transform_Router_Low_Sales: Validation completed successfully!
2026-09-18 15:42:54,851-INFO-selected  DB_TO_DB validation type.
2026-09-18 15:42:54,851-INFO-test_transform_Aggregator_Sales: Validation started...
2026-09-18 15:42:54,884-INFO-test_transform_Aggregator_Sales: Validation completed successfully!
2026-09-18 15:42:54,979-INFO-selected  DB_TO_DB validation type.
2026-09-18 15:42:54,979-INFO-test_transform_joiner_sales_product_stores: Validation started...
2026-09-18 15:42:55,007-INFO-test_transform_joiner_sales_product_stores: Validation completed successfully!
2026-09-18 15:42:55,125-INFO-selected  DB_TO_DB validation type.
2026-09-18 15:42:55,125-INFO-test_transform_Aggregator_Inventory: Validation started...
2026-09-18 15:42:55,139-INFO-test_transform_Aggregator_Inventory: Validation completed successfully!
2026-09-18 15:42:55,245-INFO-connecting to mysql server...
2026-09-18 15:42:55,276-INFO-mysql server connected.
2026-09-18 15:42:55,276-INFO-test_columns_for_monthly_sales_summary: column Validation started for monthly_sales_summary table...
2026-09-18 15:42:55,281-INFO-test_columns_for_monthly_sales_summary: column Validation completed successfully!
2026-09-18 15:42:55,352-INFO-test_columns_for_fact_sales: column Validation started for fact_sales table...
2026-09-18 15:42:55,355-INFO-test_columns_for_fact_sales: column Validation completed successfully!
2026-09-18 15:42:55,443-INFO-test_columns_for_fact_inventory: column Validation started for fact_inventory table...
2026-09-18 15:42:55,446-INFO-test_columns_for_fact_inventory: column Validation completed successfully!
2026-09-18 15:42:55,532-INFO-test_columns_for_inventory_level_by_stores: column Validation started for inventory_levels_by_store table...
2026-09-18 15:42:55,535-INFO-test_columns_for_inventory_level_by_stores: column Validation completed successfully!
2026-09-18 15:42:55,660-INFO-test_dtypes_for_monthly_sales_summary: datatype Validation started for monthly_sales_summary table...
2026-09-18 15:42:55,662-INFO-test_dtypes_for_monthly_sales_summary: datatype Validation completed successfully!
2026-09-18 15:42:55,740-INFO-test_dtypes_for_fact_sales: datatype Validation started for fact_sales table...
2026-09-18 15:42:55,743-INFO-test_dtypes_for_fact_sales: datatype Validation completed successfully!
2026-09-18 15:42:55,843-INFO-test_dtypes_for_fact_inventory: datatype Validation started for fact_inventory table...
2026-09-18 15:42:55,845-INFO-test_dtypes_for_fact_inventory: datatype Validation completed successfully!
2026-09-18 15:42:55,948-INFO-test_dtypes_for_inventory_level_by_stores: datatype Validation started for inventory_levels_by_store table...
2026-09-18 15:42:55,951-INFO-test_dtypes_for_inventory_level_by_stores: datatype Validation completed successfully!
