2026-09-18 15:32:34,422-INFO-connecting to mysql server...
2026-09-18 15:32:34,568-INFO-mysql server connected.
2026-09-18 15:32:34,568-INFO-test_duplicates_for_sales_file: duplicate  validation started for file testData/sales_data_s3.csv
2026-09-18 15:32:34,569-INFO-started reading file testData/sales_data_s3.csv filetypecsv
2026-09-18 15:32:34,579-INFO-completed reading file testData/sales_data_s3.csv filetypecsv
2026-09-18 15:32:34,601-INFO-test_duplicates_for_sales_file: duplicate validation for file testData/sales_data_s3.csv completed successfully!
2026-09-18 15:32:34,698-INFO-test_duplicates_for_product_file: duplicate  validation started for file testData/product_data_from_linux.csv
2026-09-18 15:32:34,698-INFO-started reading file testData/product_data_from_linux.csv filetypecsv
2026-09-18 15:32:34,702-INFO-completed reading file testData/product_data_from_linux.csv filetypecsv
2026-09-18 15:32:34,703-INFO-test_duplicates_for_product_file: duplicate validation for file testData/product_data_from_linux.csv completed successfully!
2026-09-18 15:32:34,798-INFO-test_duplicates_for_inventory_file: duplicate  validation started for file testData/inventory_data.xml
2026-09-18 15:32:34,798-INFO-started reading file testData/inventory_data.xml filetypexml
2026-09-18 15:32:34,807-INFO-completed reading file testData/inventory_data.xml filetypexml
2026-09-18 15:32:34,808-INFO-test_duplicates_for_inventory_file: duplicate validation for file testData/inventory_data.xml completed successfully!
2026-09-18 15:32:34,883-INFO-test_duplicates_for_supplier_file: duplicate  validation started for file testData/supplier_data.json
2026-09-18 15:32:34,883-INFO-started reading file testData/supplier_data.json filetypejson
2026-09-18 15:32:34,894-INFO-completed reading file testData/supplier_data.json filetypejson
2026-09-18 15:32:34,895-INFO-test_duplicates_for_supplier_file: duplicate validation for file testData/supplier_data.json completed successfully!
2026-09-18 15:32:34,985-INFO-test_null_for_sales_file: null  validation started for testData/sales_data_s3.csv
2026-09-18 15:32:34,985-INFO-started reading file testData/sales_data_s3.csv filetypecsv
2026-09-18 15:32:34,986-INFO-completed reading file testData/sales_data_s3.csv filetypecsv
2026-09-18 15:32:34,989-INFO-test_null_for_sales_file: null  validation for file testData/sales_data_s3.csv completed successfully!
2026-09-18 15:32:35,052-INFO-test_null_for_product_file: null  validation started for testData/product_data_from_linux.csv
2026-09-18 15:32:35,052-INFO-started reading file testData/product_data_from_linux.csv filetypecsv
2026-09-18 15:32:35,053-INFO-completed reading file testData/product_data_from_linux.csv filetypecsv
2026-09-18 15:32:35,054-INFO-test_null_for_product_file: null  validation for file testData/product_data_from_linux.csv completed successfully!
2026-09-18 15:32:35,134-INFO-test_null_for_inventory_file: null  validation started for testData/inventory_data.xml
2026-09-18 15:32:35,134-INFO-started reading file testData/inventory_data.xml filetypexml
2026-09-18 15:32:35,136-INFO-completed reading file testData/inventory_data.xml filetypexml
2026-09-18 15:32:35,137-INFO-test_null_for_inventory_file: null  validation for file testData/inventory_data.xml completed successfully!
2026-09-18 15:32:35,214-INFO-test_null_for_supplier_file: null  validation started for testData/supplier_data.json
2026-09-18 15:32:35,214-INFO-started reading file testData/supplier_data.json filetypejson
2026-09-18 15:32:35,218-INFO-completed reading file testData/supplier_data.json filetypejson
2026-09-18 15:32:35,219-INFO-test_null_for_supplier_file: null  validation for file testData/supplier_data.json completed successfully!
