2026-09-18 15:45:23,923-INFO-connecting to mysql server...
2026-09-18 15:45:24,130-INFO-mysql server connected.
2026-09-18 15:45:24,130-INFO-connecting to oracle server...
2026-09-18 15:45:24,396-INFO-oracle server connected.
2026-09-18 15:45:24,396-INFO-selected  FILE_TO_DB validation type.
2026-09-18 15:45:24,397-INFO-test_extract_data_for_sales_file_to_stage: Validation started...
2026-09-18 15:45:24,397-INFO-started reading file testData/sales_data_s3.csv filetypecsv
2026-09-18 15:45:24,411-INFO-completed reading file testData/sales_data_s3.csv filetypecsv
2026-09-18 15:45:24,489-INFO-test_extract_data_for_sales_file_to_stage: Validation completed successfully!
2026-09-18 15:45:24,623-INFO-selected  DB_TO_DB validation type.
2026-09-18 15:45:24,624-INFO-test_extract_stores_data_from_oracle_to_stag: Validation started...
2026-09-18 15:45:24,647-INFO-test_extract_stores_data_from_oracle_to_stag: Validation completed successfully!
2026-09-18 15:45:24,738-INFO-selected  FILE_TO_DB validation type.
2026-09-18 15:45:24,738-INFO-test_extract_product_data_from_file_to_stag: Validation started...
2026-09-18 15:45:24,738-INFO-started reading file testData/product_data_from_linux.csv filetypecsv
2026-09-18 15:45:24,742-INFO-completed reading file testData/product_data_from_linux.csv filetypecsv
2026-09-18 15:45:24,753-INFO-test_extract_product_data_from_file_to_stag: Validation completed successfully!
2026-09-18 15:45:24,828-INFO-selected  FILE_TO_DB validation type.
2026-09-18 15:45:24,828-INFO-test_extract_inventory_data_from_file_to_stag: Validation started...
2026-09-18 15:45:24,828-INFO-started reading file testData/inventory_data.xml filetypexml
2026-09-18 15:45:24,831-INFO-completed reading file testData/inventory_data.xml filetypexml
2026-09-18 15:45:24,843-INFO-test_extract_inventory_data_from_file_to_stag: Validation completed successfully!
2026-09-18 15:45:24,953-INFO-selected  FILE_TO_DB validation type.
2026-09-18 15:45:24,953-INFO-test_extract_supplier_data_from_file_to_stag: Validation started...
2026-09-18 15:45:24,953-INFO-started reading file testData/supplier_data.json filetypejson
2026-09-18 15:45:24,964-INFO-completed reading file testData/supplier_data.json filetypejson
2026-09-18 15:45:24,983-INFO-test_extract_supplier_data_from_file_to_stag: Validation completed successfully!
2026-09-18 15:45:25,083-INFO-connecting to mysql server...
2026-09-18 15:45:25,129-INFO-mysql server connected.
2026-09-18 15:45:25,129-INFO-selected  DB_TO_DB validation type.
2026-09-18 15:45:25,129-INFO-test_data_loading_for_monthly_sales_summary: Validation started...
2026-09-18 15:45:25,149-INFO-test_data_loading_for_monthly_sales_summary: Validation completed successfully!
2026-09-18 15:45:25,225-INFO-selected  DB_TO_DB validation type.
2026-09-18 15:45:25,225-INFO-test_data_loadin_for_fact_sales: Validation started...
2026-09-18 15:45:25,241-INFO-test_data_loadin_for_fact_sales: Validation completed successfully!
2026-09-18 15:45:25,325-INFO-selected  DB_TO_DB validation type.
2026-09-18 15:45:25,325-INFO-test_data_loading_for_fact_inventory: Validation started...
2026-09-18 15:45:25,338-INFO-test_data_loading_for_fact_inventory: Validation completed successfully!
2026-09-18 15:45:25,425-INFO-selected  DB_TO_DB validation type.
2026-09-18 15:45:25,425-INFO-test_data_loading_for_inventory_levl_by_stores: Validation started...
2026-09-18 15:45:25,444-INFO-test_data_loading_for_inventory_levl_by_stores: Validation completed successfully!
2026-09-18 15:45:25,538-INFO-connecting to mysql server...
2026-09-18 15:45:25,585-INFO-mysql server connected.
2026-09-18 15:45:25,585-INFO-test_duplicates_for_sales_file: duplicate  validation started for file testData/sales_data_s3.csv
2026-09-18 15:45:25,585-INFO-started reading file testData/sales_data_s3.csv filetypecsv
2026-09-18 15:45:25,587-INFO-completed reading file testData/sales_data_s3.csv filetypecsv
2026-09-18 15:45:25,590-INFO-test_duplicates_for_sales_file: duplicate validation for file testData/sales_data_s3.csv completed successfully!
2026-09-18 15:45:25,683-INFO-test_duplicates_for_product_file: duplicate  validation started for file testData/product_data_from_linux.csv
2026-09-18 15:45:25,683-INFO-started reading file testData/product_data_from_linux.csv filetypecsv
2026-09-18 15:45:25,685-INFO-completed reading file testData/product_data_from_linux.csv filetypecsv
2026-09-18 15:45:25,686-INFO-test_duplicates_for_product_file: duplicate validation for file testData/product_data_from_linux.csv completed successfully!
2026-09-18 15:45:25,783-INFO-test_duplicates_for_inventory_file: duplicate  validation started for file testData/inventory_data.xml
2026-09-18 15:45:25,784-INFO-started reading file testData/inventory_data.xml filetypexml
2026-09-18 15:45:25,786-INFO-completed reading file testData/inventory_data.xml filetypexml
2026-09-18 15:45:25,787-INFO-test_duplicates_for_inventory_file: duplicate validation for file testData/inventory_data.xml completed successfully!
2026-09-18 15:45:25,875-INFO-test_duplicates_for_supplier_file: duplicate  validation started for file testData/supplier_data.json
2026-09-18 15:45:25,875-INFO-started reading file testData/supplier_data.json filetypejson
2026-09-18 15:45:25,879-INFO-completed reading file testData/supplier_data.json filetypejson
2026-09-18 15:45:25,880-INFO-test_duplicates_for_supplier_file: duplicate validation for file testData/supplier_data.json completed successfully!
2026-09-18 15:45:26,046-INFO-test_null_for_sales_file: null  validation started for testData/sales_data_s3.csv
2026-09-18 15:45:26,046-INFO-started reading file testData/sales_data_s3.csv filetypecsv
2026-09-18 15:45:26,047-INFO-completed reading file testData/sales_data_s3.csv filetypecsv
2026-09-18 15:45:26,048-INFO-test_null_for_sales_file: null  validation for file testData/sales_data_s3.csv completed successfully!
2026-09-18 15:45:26,140-INFO-test_null_for_product_file: null  validation started for testData/product_data_from_linux.csv
2026-09-18 15:45:26,140-INFO-started reading file testData/product_data_from_linux.csv filetypecsv
2026-09-18 15:45:26,141-INFO-completed reading file testData/product_data_from_linux.csv filetypecsv
2026-09-18 15:45:26,142-INFO-test_null_for_product_file: null  validation for file testData/product_data_from_linux.csv completed successfully!
2026-09-18 15:45:26,233-INFO-test_null_for_inventory_file: null  validation started for testData/inventory_data.xml
2026-09-18 15:45:26,233-INFO-started reading file testData/inventory_data.xml filetypexml
2026-09-18 15:45:26,235-INFO-completed reading file testData/inventory_data.xml filetypexml
2026-09-18 15:45:26,236-INFO-test_null_for_inventory_file: null  validation for file testData/inventory_data.xml completed successfully!
2026-09-18 15:45:26,320-INFO-test_null_for_supplier_file: null  validation started for testData/supplier_data.json
2026-09-18 15:45:26,321-INFO-started reading file testData/supplier_data.json filetypejson
2026-09-18 15:45:26,325-INFO-completed reading file testData/supplier_data.json filetypejson
2026-09-18 15:45:26,326-INFO-test_null_for_supplier_file: null  validation for file testData/supplier_data.json completed successfully!
2026-09-18 15:45:26,429-INFO-connecting to mysql server...
2026-09-18 15:45:26,472-INFO-mysql server connected.
2026-09-18 15:45:26,473-INFO-selected  DB_TO_DB validation type.
2026-09-18 15:45:26,473-INFO-test_transform_Filter_Sales: Validation started...
2026-09-18 15:45:26,497-INFO-test_transform_Filter_Sales: Validation completed successfully!
2026-09-18 15:45:26,567-INFO-selected  DB_TO_DB validation type.
2026-09-18 15:45:26,567-INFO-test_transform_Router_High_Sales: Validation started...
2026-09-18 15:45:26,580-INFO-test_transform_Router_High_Sales: Validation completed successfully!
2026-09-18 15:45:26,668-INFO-selected  DB_TO_DB validation type.
2026-09-18 15:45:26,668-INFO-test_transform_Router_Low_Sales: Validation started...
2026-09-18 15:45:26,682-INFO-test_transform_Router_Low_Sales: Validation completed successfully!
2026-09-18 15:45:26,745-INFO-selected  DB_TO_DB validation type.
2026-09-18 15:45:26,745-INFO-test_transform_Aggregator_Sales: Validation started...
2026-09-18 15:45:26,762-INFO-test_transform_Aggregator_Sales: Validation completed successfully!
2026-09-18 15:45:26,862-INFO-selected  DB_TO_DB validation type.
2026-09-18 15:45:26,862-INFO-test_transform_joiner_sales_product_stores: Validation started...
2026-09-18 15:45:26,893-INFO-test_transform_joiner_sales_product_stores: Validation completed successfully!
2026-09-18 15:45:27,023-INFO-selected  DB_TO_DB validation type.
2026-09-18 15:45:27,023-INFO-test_transform_Aggregator_Inventory: Validation started...
2026-09-18 15:45:27,037-INFO-test_transform_Aggregator_Inventory: Validation completed successfully!
2026-09-18 15:45:27,108-INFO-connecting to mysql server...
2026-09-18 15:45:27,143-INFO-mysql server connected.
2026-09-18 15:45:27,144-INFO-test_columns_for_monthly_sales_summary: column Validation started for monthly_sales_summary table...
2026-09-18 15:45:27,153-INFO-test_columns_for_monthly_sales_summary: column Validation completed successfully!
2026-09-18 15:45:27,215-INFO-test_columns_for_fact_sales: column Validation started for fact_sales table...
2026-09-18 15:45:27,219-INFO-test_columns_for_fact_sales: column Validation completed successfully!
2026-09-18 15:45:27,288-INFO-test_columns_for_fact_inventory: column Validation started for fact_inventory table...
2026-09-18 15:45:27,292-INFO-test_columns_for_fact_inventory: column Validation completed successfully!
2026-09-18 15:45:27,366-INFO-test_columns_for_inventory_level_by_stores: column Validation started for inventory_levels_by_store table...
2026-09-18 15:45:27,368-INFO-test_columns_for_inventory_level_by_stores: column Validation completed successfully!
2026-09-18 15:45:27,476-INFO-test_dtypes_for_monthly_sales_summary: datatype Validation started for monthly_sales_summary table...
2026-09-18 15:45:27,479-INFO-test_dtypes_for_monthly_sales_summary: datatype Validation completed successfully!
2026-09-18 15:45:27,556-INFO-test_dtypes_for_fact_sales: datatype Validation started for fact_sales table...
2026-09-18 15:45:27,558-INFO-test_dtypes_for_fact_sales: datatype Validation completed successfully!
2026-09-18 15:45:27,679-INFO-test_dtypes_for_fact_inventory: datatype Validation started for fact_inventory table...
2026-09-18 15:45:27,682-INFO-test_dtypes_for_fact_inventory: datatype Validation completed successfully!
2026-09-18 15:45:27,758-INFO-test_dtypes_for_inventory_level_by_stores: datatype Validation started for inventory_levels_by_store table...
2026-09-18 15:45:27,761-INFO-test_dtypes_for_inventory_level_by_stores: datatype Validation completed successfully!
