2026-09-18 15:33:37,293-INFO-connecting to mysql server...
2026-09-18 15:33:37,411-INFO-mysql server connected.
2026-09-18 15:33:37,411-INFO-test_duplicates_for_sales_file: duplicate  validation started for file testData/sales_data_s3.csv
2026-09-18 15:33:37,411-INFO-started reading file testData/sales_data_s3.csv filetypecsv
2026-09-18 15:33:37,427-INFO-completed reading file testData/sales_data_s3.csv filetypecsv
2026-09-18 15:33:37,453-INFO-test_duplicates_for_sales_file: duplicate validation for file testData/sales_data_s3.csv completed successfully!
2026-09-18 15:33:37,538-INFO-test_duplicates_for_product_file: duplicate  validation started for file testData/product_data_from_linux.csv
2026-09-18 15:33:37,538-INFO-started reading file testData/product_data_from_linux.csv filetypecsv
2026-09-18 15:33:37,542-INFO-completed reading file testData/product_data_from_linux.csv filetypecsv
2026-09-18 15:33:37,544-INFO-test_duplicates_for_product_file: duplicate validation for file testData/product_data_from_linux.csv completed successfully!
2026-09-18 15:33:37,633-INFO-test_duplicates_for_inventory_file: duplicate  validation started for file testData/inventory_data.xml
2026-09-18 15:33:37,633-INFO-started reading file testData/inventory_data.xml filetypexml
2026-09-18 15:33:37,642-INFO-completed reading file testData/inventory_data.xml filetypexml
2026-09-18 15:33:37,644-INFO-test_duplicates_for_inventory_file: duplicate validation for file testData/inventory_data.xml completed successfully!
2026-09-18 15:33:37,721-INFO-test_duplicates_for_supplier_file: duplicate  validation started for file testData/supplier_data.json
2026-09-18 15:33:37,721-INFO-started reading file testData/supplier_data.json filetypejson
2026-09-18 15:33:37,732-INFO-completed reading file testData/supplier_data.json filetypejson
2026-09-18 15:33:37,734-INFO-test_duplicates_for_supplier_file: duplicate validation for file testData/supplier_data.json completed successfully!
2026-09-18 15:33:37,807-INFO-test_null_for_sales_file: null  validation started for testData/sales_data_s3.csv
2026-09-18 15:33:37,807-INFO-started reading file testData/sales_data_s3.csv filetypecsv
2026-09-18 15:33:37,809-INFO-completed reading file testData/sales_data_s3.csv filetypecsv
2026-09-18 15:33:37,810-INFO-test_null_for_sales_file: null  validation for file testData/sales_data_s3.csv completed successfully!
2026-09-18 15:33:37,898-INFO-test_null_for_product_file: null  validation started for testData/product_data_from_linux.csv
2026-09-18 15:33:37,898-INFO-started reading file testData/product_data_from_linux.csv filetypecsv
2026-09-18 15:33:37,900-INFO-completed reading file testData/product_data_from_linux.csv filetypecsv
2026-09-18 15:33:37,900-INFO-test_null_for_product_file: null  validation for file testData/product_data_from_linux.csv completed successfully!
2026-09-18 15:33:37,994-INFO-test_null_for_inventory_file: null  validation started for testData/inventory_data.xml
2026-09-18 15:33:37,994-INFO-started reading file testData/inventory_data.xml filetypexml
2026-09-18 15:33:37,997-INFO-completed reading file testData/inventory_data.xml filetypexml
2026-09-18 15:33:37,997-INFO-test_null_for_inventory_file: null  validation for file testData/inventory_data.xml completed successfully!
2026-09-18 15:33:38,073-INFO-test_null_for_supplier_file: null  validation started for testData/supplier_data.json
2026-09-18 15:33:38,073-INFO-started reading file testData/supplier_data.json filetypejson
2026-09-18 15:33:38,077-INFO-completed reading file testData/supplier_data.json filetypejson
2026-09-18 15:33:38,078-INFO-test_null_for_supplier_file: null  validation for file testData/supplier_data.json completed successfully!
