2026-09-17 18:58:29,504-INFO-connecting to mysql server...
2026-09-17 18:58:29,578-INFO-mysql server connected.
2026-09-17 18:58:29,578-INFO-connecting to oracle server...
2026-09-17 18:58:30,067-INFO-oracle server connected.
2026-09-17 18:58:30,069-INFO-selected  FILE_TO_DB validation type.
2026-09-17 18:58:30,069-INFO-test_extract_data_for_sales_file_to_stage: Validation started...
2026-09-17 18:58:30,069-INFO-started reading file testData/sales_data_s3.csv filetypecsv
2026-09-17 18:58:30,074-INFO-completed reading file testData/sales_data_s3.csv filetypecsv
2026-09-17 18:58:30,139-INFO-test_extract_data_for_sales_file_to_stage: Validation completed successfully!
2026-09-17 18:58:30,198-INFO-selected  DB_TO_DB validation type.
2026-09-17 18:58:30,198-INFO-test_extract_stores_data_from_oracle_to_stag: Validation started...
2026-09-17 18:58:30,220-INFO-test_extract_stores_data_from_oracle_to_stag: Validation completed successfully!
2026-09-17 18:58:30,253-INFO-selected  FILE_TO_DB validation type.
2026-09-17 18:58:30,253-INFO-test_extract_product_data_from_file_to_stag: Validation started...
2026-09-17 18:58:30,253-INFO-started reading file testData/product_data_from_linux.csv filetypecsv
2026-09-17 18:58:30,256-INFO-completed reading file testData/product_data_from_linux.csv filetypecsv
2026-09-17 18:58:30,268-INFO-test_extract_product_data_from_file_to_stag: Validation completed successfully!
2026-09-17 18:58:30,307-INFO-selected  FILE_TO_DB validation type.
2026-09-17 18:58:30,308-INFO-test_extract_inventory_data_from_file_to_stag: Validation started...
2026-09-17 18:58:30,308-INFO-started reading file testData/inventory_data.xml filetypexml
2026-09-17 18:58:30,315-INFO-completed reading file testData/inventory_data.xml filetypexml
2026-09-17 18:58:30,329-INFO-test_extract_inventory_data_from_file_to_stag: Validation completed successfully!
2026-09-17 18:58:30,363-INFO-selected  FILE_TO_DB validation type.
2026-09-17 18:58:30,363-INFO-test_extract_supplier_data_from_file_to_stag: Validation started...
2026-09-17 18:58:30,363-INFO-started reading file testData/supplier_data.json filetypejson
2026-09-17 18:58:30,374-INFO-completed reading file testData/supplier_data.json filetypejson
2026-09-17 18:58:30,390-INFO-test_extract_supplier_data_from_file_to_stag: Validation completed successfully!
2026-09-17 18:58:30,425-INFO-connecting to mysql server...
2026-09-17 18:58:30,464-INFO-mysql server connected.
2026-09-17 18:58:30,464-INFO-selected  DB_TO_DB validation type.
2026-09-17 18:58:30,465-INFO-test_data_loading_for_monthly_sales_summary: Validation started...
2026-09-17 18:58:30,479-INFO-test_data_loading_for_monthly_sales_summary: Validation completed successfully!
2026-09-17 18:58:30,507-INFO-selected  DB_TO_DB validation type.
2026-09-17 18:58:30,507-INFO-test_data_loadin_for_fact_sales: Validation started...
2026-09-17 18:58:30,524-INFO-test_data_loadin_for_fact_sales: Validation completed successfully!
2026-09-17 18:58:30,551-INFO-selected  DB_TO_DB validation type.
2026-09-17 18:58:30,552-INFO-test_data_loading_for_fact_inventory: Validation started...
2026-09-17 18:58:30,561-INFO-test_data_loading_for_fact_inventory: Validation completed successfully!
2026-09-17 18:58:30,592-INFO-selected  DB_TO_DB validation type.
2026-09-17 18:58:30,592-INFO-test_data_loading_for_inventory_levl_by_stores: Validation started...
2026-09-17 18:58:30,608-INFO-test_data_loading_for_inventory_levl_by_stores: Validation completed successfully!
2026-09-17 18:58:30,643-INFO-connecting to mysql server...
2026-09-17 18:58:30,684-INFO-mysql server connected.
2026-09-17 18:58:30,684-INFO-test_duplicates_for_sales_file: duplicate  validation started for file testData/sales_data_s3.csv
2026-09-17 18:58:30,684-INFO-started reading file testData/sales_data_s3.csv filetypecsv
2026-09-17 18:58:30,686-INFO-completed reading file testData/sales_data_s3.csv filetypecsv
2026-09-17 18:58:30,689-INFO-test_duplicates_for_sales_file: duplicate validation for file testData/sales_data_s3.csv completed successfully!
2026-09-17 18:58:30,719-INFO-test_duplicates_for_product_file: duplicate  validation started for file testData/product_data_from_linux.csv
2026-09-17 18:58:30,719-INFO-started reading file testData/product_data_from_linux.csv filetypecsv
2026-09-17 18:58:30,720-INFO-completed reading file testData/product_data_from_linux.csv filetypecsv
2026-09-17 18:58:30,722-INFO-test_duplicates_for_product_file: duplicate validation for file testData/product_data_from_linux.csv completed successfully!
2026-09-17 18:58:30,759-INFO-test_duplicates_for_inventory_file: duplicate  validation started for file testData/inventory_data.xml
2026-09-17 18:58:30,760-INFO-started reading file testData/inventory_data.xml filetypexml
2026-09-17 18:58:30,762-INFO-completed reading file testData/inventory_data.xml filetypexml
2026-09-17 18:58:30,762-INFO-test_duplicates_for_inventory_file: duplicate validation for file testData/inventory_data.xml completed successfully!
2026-09-17 18:58:30,799-INFO-test_duplicates_for_supplier_file: duplicate  validation started for file testData/supplier_data.json
2026-09-17 18:58:30,799-INFO-started reading file testData/supplier_data.json filetypejson
2026-09-17 18:58:30,802-INFO-completed reading file testData/supplier_data.json filetypejson
2026-09-17 18:58:30,803-INFO-test_duplicates_for_supplier_file: duplicate validation for file testData/supplier_data.json completed successfully!
2026-09-17 18:58:30,845-INFO-test_null_for_sales_file: null  validation started for testData/sales_data_s3.csv
2026-09-17 18:58:30,845-INFO-started reading file testData/sales_data_s3.csv filetypecsv
2026-09-17 18:58:30,846-INFO-completed reading file testData/sales_data_s3.csv filetypecsv
2026-09-17 18:58:30,847-INFO-test_null_for_sales_file: null  validation for file testData/sales_data_s3.csv completed successfully!
2026-09-17 18:58:30,886-INFO-test_null_for_product_file: null  validation started for testData/product_data_from_linux.csv
2026-09-17 18:58:30,886-INFO-started reading file testData/product_data_from_linux.csv filetypecsv
2026-09-17 18:58:30,888-INFO-completed reading file testData/product_data_from_linux.csv filetypecsv
2026-09-17 18:58:30,889-INFO-test_null_for_product_file: null  validation for file testData/product_data_from_linux.csv completed successfully!
2026-09-17 18:58:30,930-INFO-test_null_for_inventory_file: null  validation started for testData/inventory_data.xml
2026-09-17 18:58:30,931-INFO-started reading file testData/inventory_data.xml filetypexml
2026-09-17 18:58:30,933-INFO-completed reading file testData/inventory_data.xml filetypexml
2026-09-17 18:58:30,934-INFO-test_null_for_inventory_file: null  validation for file testData/inventory_data.xml completed successfully!
2026-09-17 18:58:30,985-INFO-test_null_for_supplier_file: null  validation started for testData/supplier_data.json
2026-09-17 18:58:30,985-INFO-started reading file testData/supplier_data.json filetypejson
2026-09-17 18:58:30,991-INFO-completed reading file testData/supplier_data.json filetypejson
2026-09-17 18:58:30,992-INFO-test_null_for_supplier_file: null  validation for file testData/supplier_data.json completed successfully!
2026-09-17 18:58:31,032-INFO-connecting to mysql server...
2026-09-17 18:58:31,074-INFO-mysql server connected.
2026-09-17 18:58:31,075-INFO-selected  DB_TO_DB validation type.
2026-09-17 18:58:31,075-INFO-test_transform_Filter_Sales: Validation started...
2026-09-17 18:58:31,092-INFO-test_transform_Filter_Sales: Validation completed successfully!
2026-09-17 18:58:31,119-INFO-selected  DB_TO_DB validation type.
2026-09-17 18:58:31,119-INFO-test_transform_Router_High_Sales: Validation started...
2026-09-17 18:58:31,132-INFO-test_transform_Router_High_Sales: Validation completed successfully!
2026-09-17 18:58:31,175-INFO-selected  DB_TO_DB validation type.
2026-09-17 18:58:31,175-INFO-test_transform_Router_Low_Sales: Validation started...
2026-09-17 18:58:31,191-INFO-test_transform_Router_Low_Sales: Validation completed successfully!
2026-09-17 18:58:31,234-INFO-selected  DB_TO_DB validation type.
2026-09-17 18:58:31,234-INFO-test_transform_Aggregator_Sales: Validation started...
2026-09-17 18:58:31,252-INFO-test_transform_Aggregator_Sales: Validation completed successfully!
2026-09-17 18:58:31,292-INFO-selected  DB_TO_DB validation type.
2026-09-17 18:58:31,292-INFO-test_transform_joiner_sales_product_stores: Validation started...
2026-09-17 18:58:31,316-INFO-test_transform_joiner_sales_product_stores: Validation completed successfully!
2026-09-17 18:58:31,359-INFO-selected  DB_TO_DB validation type.
2026-09-17 18:58:31,359-INFO-test_transform_Aggregator_Inventory: Validation started...
2026-09-17 18:58:31,369-INFO-test_transform_Aggregator_Inventory: Validation completed successfully!
2026-09-17 18:58:31,403-INFO-connecting to mysql server...
2026-09-17 18:58:31,443-INFO-mysql server connected.
2026-09-17 18:58:31,444-INFO-test_columns_for_monthly_sales_summary: column Validation started for monthly_sales_summary table...
2026-09-17 18:58:31,448-INFO-test_columns_for_monthly_sales_summary: column Validation completed successfully!
2026-09-17 18:58:31,474-INFO-test_columns_for_fact_sales: column Validation started for fact_sales table...
2026-09-17 18:58:31,476-INFO-test_columns_for_fact_sales: column Validation completed successfully!
2026-09-17 18:58:31,507-INFO-test_columns_for_fact_inventory: column Validation started for fact_inventory table...
2026-09-17 18:58:31,510-INFO-test_columns_for_fact_inventory: column Validation completed successfully!
2026-09-17 18:58:31,541-INFO-test_columns_for_inventory_level_by_stores: column Validation started for inventory_levels_by_store table...
2026-09-17 18:58:31,543-INFO-test_columns_for_inventory_level_by_stores: column Validation completed successfully!
2026-09-17 18:58:31,602-INFO-test_dtypes_for_monthly_sales_summary: datatype Validation started for monthly_sales_summary table...
2026-09-17 18:58:31,606-INFO-test_dtypes_for_monthly_sales_summary: datatype Validation completed successfully!
2026-09-17 18:58:31,648-INFO-test_dtypes_for_fact_sales: datatype Validation started for fact_sales table...
2026-09-17 18:58:31,650-INFO-test_dtypes_for_fact_sales: datatype Validation completed successfully!
2026-09-17 18:58:31,692-INFO-test_dtypes_for_fact_inventory: datatype Validation started for fact_inventory table...
2026-09-17 18:58:31,694-INFO-test_dtypes_for_fact_inventory: datatype Validation completed successfully!
2026-09-17 18:58:31,740-INFO-test_dtypes_for_inventory_level_by_stores: datatype Validation started for inventory_levels_by_store table...
2026-09-17 18:58:31,742-INFO-test_dtypes_for_inventory_level_by_stores: datatype Validation completed successfully!
