2026-09-18 15:40:39,968-INFO-connecting to mysql server...
2026-09-18 15:40:40,156-INFO-mysql server connected.
2026-09-18 15:40:40,156-INFO-test_duplicates_for_sales_file: duplicate  validation started for file testData/sales_data_s3.csv
2026-09-18 15:40:40,156-INFO-started reading file testData/sales_data_s3.csv filetypecsv
2026-09-18 15:40:40,171-INFO-completed reading file testData/sales_data_s3.csv filetypecsv
2026-09-18 15:40:40,189-INFO-test_duplicates_for_sales_file: duplicate validation for file testData/sales_data_s3.csv completed successfully!
2026-09-18 15:40:40,304-INFO-test_duplicates_for_product_file: duplicate  validation started for file testData/product_data_from_linux.csv
2026-09-18 15:40:40,304-INFO-started reading file testData/product_data_from_linux.csv filetypecsv
2026-09-18 15:40:40,313-INFO-completed reading file testData/product_data_from_linux.csv filetypecsv
2026-09-18 15:40:40,314-INFO-test_duplicates_for_product_file: duplicate validation for file testData/product_data_from_linux.csv completed successfully!
2026-09-18 15:40:40,389-INFO-test_duplicates_for_inventory_file: duplicate  validation started for file testData/inventory_data.xml
2026-09-18 15:40:40,389-INFO-started reading file testData/inventory_data.xml filetypexml
2026-09-18 15:40:40,397-INFO-completed reading file testData/inventory_data.xml filetypexml
2026-09-18 15:40:40,398-INFO-test_duplicates_for_inventory_file: duplicate validation for file testData/inventory_data.xml completed successfully!
2026-09-18 15:40:40,475-INFO-test_duplicates_for_supplier_file: duplicate  validation started for file testData/supplier_data.json
2026-09-18 15:40:40,475-INFO-started reading file testData/supplier_data.json filetypejson
2026-09-18 15:40:40,485-INFO-completed reading file testData/supplier_data.json filetypejson
2026-09-18 15:40:40,486-INFO-test_duplicates_for_supplier_file: duplicate validation for file testData/supplier_data.json completed successfully!
2026-09-18 15:40:40,560-INFO-test_null_for_sales_file: null  validation started for testData/sales_data_s3.csv
2026-09-18 15:40:40,560-INFO-started reading file testData/sales_data_s3.csv filetypecsv
2026-09-18 15:40:40,561-INFO-completed reading file testData/sales_data_s3.csv filetypecsv
2026-09-18 15:40:40,563-INFO-test_null_for_sales_file: null  validation for file testData/sales_data_s3.csv completed successfully!
2026-09-18 15:40:40,635-INFO-test_null_for_product_file: null  validation started for testData/product_data_from_linux.csv
2026-09-18 15:40:40,636-INFO-started reading file testData/product_data_from_linux.csv filetypecsv
2026-09-18 15:40:40,637-INFO-completed reading file testData/product_data_from_linux.csv filetypecsv
2026-09-18 15:40:40,637-INFO-test_null_for_product_file: null  validation for file testData/product_data_from_linux.csv completed successfully!
2026-09-18 15:40:40,722-INFO-test_null_for_inventory_file: null  validation started for testData/inventory_data.xml
2026-09-18 15:40:40,722-INFO-started reading file testData/inventory_data.xml filetypexml
2026-09-18 15:40:40,726-INFO-completed reading file testData/inventory_data.xml filetypexml
2026-09-18 15:40:40,726-INFO-test_null_for_inventory_file: null  validation for file testData/inventory_data.xml completed successfully!
2026-09-18 15:40:40,819-INFO-test_null_for_supplier_file: null  validation started for testData/supplier_data.json
2026-09-18 15:40:40,819-INFO-started reading file testData/supplier_data.json filetypejson
2026-09-18 15:40:40,823-INFO-completed reading file testData/supplier_data.json filetypejson
2026-09-18 15:40:40,824-INFO-test_null_for_supplier_file: null  validation for file testData/supplier_data.json completed successfully!
